// Jest Snapshot v1, https://goo.gl/fbAQLP

exports[`Body snapshots 1`] = `
<div
  className="Body"
>
  Helsdsdfdflo!
</div>
`;
