// Jest Snapshot v1, https://goo.gl/fbAQLP

exports[`App snapshots 1`] = `
<div
  className="App"
>
  <div
    className="Header"
  />
  <div
    className="Body"
  >
    Helsdsdfdflo!
  </div>
</div>
`;
